// Jest Snapshot v1, https://goo.gl/fbAQLP

exports[`Tests for <Header /> component should match snapshot 1`] = `
<UserProvider>
  <BrowserRouter>
    <Router
      history={
        Object {
          "action": "POP",
          "block": [Function],
          "createHref": [Function],
          "go": [Function],
          "goBack": [Function],
          "goForward": [Function],
          "length": 1,
          "listen": [Function],
          "location": Object {
            "hash": "",
            "pathname": "/",
            "search": "",
            "state": undefined,
          },
          "push": [Function],
          "replace": [Function],
        }
      }
    >
      <Header>
        <div
          className="header"
        >
          <div
            className="header-wrapper"
          >
            <div
              className="header-title"
            >
              <div>
                <img
                  alt="logo"
                  src="test-file-stub"
                />
              </div>
              <div
                className="company-title"
              >
                <div
                  className="title"
                >
                  SpecialtyCare Connect
                </div>
                <div
                  className="sub-title"
                >
                  POWERED BY ARMADAHEALTH
                </div>
              </div>
            </div>
            <div>
              <p
                className="admin-name"
              >
                FirstName LastName
              </p>
              <div
                className="user-menu"
              >
                <button
                  className="menu-link menu-btn"
                  onClick={[Function]}
                  role="logout"
                >
                  Log Out
                </button>
                <Link
                  className="menu-link"
                  to="#"
                >
                  <a
                    className="menu-link"
                    href="/"
                    onClick={[Function]}
                  >
                    My Profile
                  </a>
                </Link>
              </div>
            </div>
          </div>
        </div>
      </Header>
    </Router>
  </BrowserRouter>
</UserProvider>
`;
