// Jest Snapshot v1, https://goo.gl/fbAQLP

exports[`Test case for testing login renders and matches snapshot 1`] = `null`;
